2026-09-09 11:33:15 [INFO] ==========================================================
2026-09-09 11:33:15 [INFO] === INICIO DE EJECUCIÓN DEL PIPELINE ETL ===
2026-09-09 11:33:15 [INFO] 1. [Ingesta] Extrayendo datos desde: 'data/raw/earthquakes_chile.csv'
2026-09-09 11:33:15 [INFO]    [Ingesta] Registros iniciales leídos: 4018
2026-09-09 11:33:15 [INFO] 2. [Transformación] Estandarizando variables y aplicando controles de calidad...
2026-09-09 11:33:15 [INFO]    [Calidad de Datos] Nulos eliminados: 0
2026-09-09 11:33:15 [INFO]    [Calidad de Datos] Duplicados eliminados: 3
2026-09-09 11:33:15 [INFO]    [Calidad de Datos] Registros totales descartados: 17
2026-09-09 11:33:15 [INFO]    [Calidad de Datos] Registros válidos procesados: 4001
2026-09-09 11:33:15 [INFO] 3. [Carga] Exportando repositorio analítico hacia: 'data/processed/sismos_analitico.db'
2026-09-09 11:33:15 [INFO]    [Carga - Idempotencia] Tabla 'sismos' creada en 'sismos_analitico.db' con reescritura segura ('if_exists=replace').
2026-09-09 11:33:15 [INFO] === ETL COMPLETADO CON ÉXITO: Base de datos 'sismos_analitico.db' y archivo de auditoría actualizados. ===
2026-09-09 11:33:15 [INFO] ==========================================================

2026-09-09 11:34:20 [INFO] ==========================================================
2026-09-09 11:34:20 [INFO] === INICIO DE EJECUCIÓN DEL PIPELINE ETL ===
2026-09-09 11:34:20 [INFO] 1. [Ingesta] Extrayendo datos desde: 'data/raw/earthquakes_chile.csv'
2026-09-09 11:34:20 [INFO]    [Ingesta] Registros iniciales leídos: 4018
2026-09-09 11:34:20 [INFO] 2. [Transformación] Estandarizando variables y aplicando controles de calidad...
2026-09-09 11:34:20 [INFO]    [Calidad de Datos] Nulos eliminados: 0
2026-09-09 11:34:20 [INFO]    [Calidad de Datos] Duplicados eliminados: 3
2026-09-09 11:34:20 [INFO]    [Calidad de Datos] Registros totales descartados: 17
2026-09-09 11:34:20 [INFO]    [Calidad de Datos] Registros válidos procesados: 4001
2026-09-09 11:34:20 [INFO] 3. [Carga] Exportando repositorio analítico hacia: 'data/processed/sismos_analitico.db'
2026-09-09 11:34:20 [INFO]    [Carga - Idempotencia] Tabla 'sismos' actualizada en 'sismos_analitico.db' con reescritura segura ('if_exists=replace').
2026-09-09 11:34:20 [INFO] === ETL COMPLETADO CON ÉXITO: Base de datos 'sismos_analitico.db' y archivo de auditoría actualizados. ===
2026-09-09 11:34:20 [INFO] ==========================================================

2026-09-09 21:07:44 [INFO] ==========================================================
2026-09-09 21:07:44 [INFO] === INICIO DE EJECUCIÓN DEL PIPELINE ETL ===
2026-09-09 21:07:44 [INFO] 1. [Ingesta] Extrayendo datos desde: 'data/raw/earthquakes_chile.csv'
2026-09-09 21:07:44 [INFO]    [Ingesta] Registros iniciales leídos: 4018
2026-09-09 21:07:44 [INFO] 2. [Transformación] Estandarizando variables y aplicando controles de calidad...
2026-09-09 21:07:44 [INFO]    [Calidad de Datos] Nulos eliminados: 0
2026-09-09 21:07:44 [INFO]    [Calidad de Datos] Duplicados eliminados: 3
2026-09-09 21:07:44 [INFO]    [Calidad de Datos] Registros totales descartados: 17
2026-09-09 21:07:44 [INFO]    [Calidad de Datos] Registros válidos procesados: 4001
2026-09-09 21:07:44 [INFO] 3. [Carga] Exportando repositorio analítico hacia: 'data/processed/sismos_analitico.db'
2026-09-09 21:07:44 [INFO]    [Carga - Idempotencia] Tabla 'sismos' actualizada en 'sismos_analitico.db' con reescritura segura ('if_exists=replace').
2026-09-09 21:07:44 [INFO] === ETL COMPLETADO CON ÉXITO: Base de datos 'sismos_analitico.db' y archivo de auditoría actualizados. ===
2026-09-09 21:07:44 [INFO] ==========================================================

2026-09-10 08:00:41 [INFO] ==========================================================
2026-09-10 08:00:41 [INFO] === INICIO DE EJECUCIÓN DEL PIPELINE ETL ===
2026-09-10 08:00:41 [INFO] 1. [Ingesta] Extrayendo datos desde: 'data/raw/earthquakes_chile.csv'
2026-09-10 08:00:41 [INFO]    [Ingesta] Registros iniciales leídos: 4018
2026-09-10 08:00:41 [INFO] 2. [Transformación] Estandarizando variables y aplicando controles de calidad...
2026-09-10 08:00:41 [INFO]    [Calidad de Datos] Nulos eliminados: 0
2026-09-10 08:00:41 [INFO]    [Calidad de Datos] Duplicados eliminados: 3
2026-09-10 08:00:41 [INFO]    [Calidad de Datos] Registros totales descartados: 17
2026-09-10 08:00:41 [INFO]    [Calidad de Datos] Registros válidos procesados: 4001
2026-09-10 08:00:41 [INFO] 3. [Carga] Exportando repositorio analítico hacia: 'data/processed/sismos_analitico.db'
2026-09-10 08:00:41 [INFO]    [Carga - Idempotencia] Tabla 'sismos' actualizada en 'sismos_analitico.db' con reescritura segura ('if_exists=replace').
2026-09-10 08:00:41 [INFO] === ETL COMPLETADO CON ÉXITO: Base de datos 'sismos_analitico.db' y archivo de auditoría actualizados. ===
2026-09-10 08:00:41 [INFO] ==========================================================

2026-09-11 07:59:27 [INFO] ==========================================================
2026-09-11 07:59:27 [INFO] === INICIO DE EJECUCIÓN DEL PIPELINE ETL ===
2026-09-11 07:59:27 [INFO] 1. [Ingesta] Extrayendo datos desde: 'data/raw/earthquakes_chile.csv'
2026-09-11 07:59:27 [INFO]    [Ingesta] Registros iniciales leídos: 4018
2026-09-11 07:59:27 [INFO] 2. [Transformación] Estandarizando variables y aplicando controles de calidad...
2026-09-11 07:59:27 [INFO]    [Calidad de Datos] Nulos eliminados: 0
2026-09-11 07:59:27 [INFO]    [Calidad de Datos] Duplicados eliminados: 3
2026-09-11 07:59:27 [INFO]    [Calidad de Datos] Registros totales descartados: 17
2026-09-11 07:59:27 [INFO]    [Calidad de Datos] Registros válidos procesados: 4001
2026-09-11 07:59:27 [INFO] 3. [Carga] Exportando repositorio analítico hacia: 'data/processed/sismos_analitico.db'
2026-09-11 07:59:27 [INFO]    [Carga - Idempotencia] Tabla 'sismos' actualizada en 'sismos_analitico.db' con reescritura segura ('if_exists=replace').
2026-09-11 07:59:27 [INFO] === ETL COMPLETADO CON ÉXITO: Base de datos 'sismos_analitico.db' y archivo de auditoría actualizados. ===
2026-09-11 07:59:27 [INFO] ==========================================================

2026-09-12 07:27:36 [INFO] ==========================================================
2026-09-12 07:27:36 [INFO] === INICIO DE EJECUCIÓN DEL PIPELINE ETL ===
2026-09-12 07:27:36 [INFO] 1. [Ingesta] Extrayendo datos desde: 'data/raw/earthquakes_chile.csv'
2026-09-12 07:27:36 [INFO]    [Ingesta] Registros iniciales leídos: 4018
2026-09-12 07:27:36 [INFO] 2. [Transformación] Estandarizando variables y aplicando controles de calidad...
2026-09-12 07:27:36 [INFO]    [Calidad de Datos] Nulos eliminados: 0
2026-09-12 07:27:36 [INFO]    [Calidad de Datos] Duplicados eliminados: 3
2026-09-12 07:27:36 [INFO]    [Calidad de Datos] Registros totales descartados: 17
2026-09-12 07:27:36 [INFO]    [Calidad de Datos] Registros válidos procesados: 4001
2026-09-12 07:27:36 [INFO] 3. [Carga] Exportando repositorio analítico hacia: 'data/processed/sismos_analitico.db'
2026-09-12 07:27:36 [INFO]    [Carga - Idempotencia] Tabla 'sismos' actualizada en 'sismos_analitico.db' con reescritura segura ('if_exists=replace').
2026-09-12 07:27:36 [INFO] === ETL COMPLETADO CON ÉXITO: Base de datos 'sismos_analitico.db' y archivo de auditoría actualizados. ===
2026-09-12 07:27:36 [INFO] ==========================================================

2026-09-13 08:30:19 [INFO] ==========================================================
2026-09-13 08:30:19 [INFO] === INICIO DE EJECUCIÓN DEL PIPELINE ETL ===
2026-09-13 08:30:19 [INFO] 1. [Ingesta] Extrayendo datos desde: 'data/raw/earthquakes_chile.csv'
2026-09-13 08:30:19 [INFO]    [Ingesta] Registros iniciales leídos: 4018
2026-09-13 08:30:19 [INFO] 2. [Transformación] Estandarizando variables y aplicando controles de calidad...
2026-09-13 08:30:19 [INFO]    [Calidad de Datos] Nulos eliminados: 0
2026-09-13 08:30:19 [INFO]    [Calidad de Datos] Duplicados eliminados: 3
2026-09-13 08:30:19 [INFO]    [Calidad de Datos] Registros totales descartados: 17
2026-09-13 08:30:19 [INFO]    [Calidad de Datos] Registros válidos procesados: 4001
2026-09-13 08:30:19 [INFO] 3. [Carga] Exportando repositorio analítico hacia: 'data/processed/sismos_analitico.db'
2026-09-13 08:30:19 [INFO]    [Carga - Idempotencia] Tabla 'sismos' actualizada en 'sismos_analitico.db' con reescritura segura ('if_exists=replace').
2026-09-13 08:30:19 [INFO] === ETL COMPLETADO CON ÉXITO: Base de datos 'sismos_analitico.db' y archivo de auditoría actualizados. ===
2026-09-13 08:30:19 [INFO] ==========================================================

2026-09-14 09:24:31 [INFO] ==========================================================
2026-09-14 09:24:31 [INFO] === INICIO DE EJECUCIÓN DEL PIPELINE ETL ===
2026-09-14 09:24:31 [INFO] 1. [Ingesta] Extrayendo datos desde: 'data/raw/earthquakes_chile.csv'
2026-09-14 09:24:31 [INFO]    [Ingesta] Registros iniciales leídos: 4018
2026-09-14 09:24:31 [INFO] 2. [Transformación] Estandarizando variables y aplicando controles de calidad...
2026-09-14 09:24:31 [INFO]    [Calidad de Datos] Nulos eliminados: 0
2026-09-14 09:24:31 [INFO]    [Calidad de Datos] Duplicados eliminados: 3
2026-09-14 09:24:31 [INFO]    [Calidad de Datos] Registros totales descartados: 17
2026-09-14 09:24:31 [INFO]    [Calidad de Datos] Registros válidos procesados: 4001
2026-09-14 09:24:31 [INFO] 3. [Carga] Exportando repositorio analítico hacia: 'data/processed/sismos_analitico.db'
2026-09-14 09:24:31 [INFO]    [Carga - Idempotencia] Tabla 'sismos' actualizada en 'sismos_analitico.db' con reescritura segura ('if_exists=replace').
2026-09-14 09:24:31 [INFO] === ETL COMPLETADO CON ÉXITO: Base de datos 'sismos_analitico.db' y archivo de auditoría actualizados. ===
2026-09-14 09:24:31 [INFO] ==========================================================

2026-09-15 08:29:51 [INFO] ==========================================================
2026-09-15 08:29:51 [INFO] === INICIO DE EJECUCIÓN DEL PIPELINE ETL ===
2026-09-15 08:29:51 [INFO] 1. [Ingesta] Extrayendo datos desde: 'data/raw/earthquakes_chile.csv'
2026-09-15 08:29:51 [INFO]    [Ingesta] Registros iniciales leídos: 4018
2026-09-15 08:29:51 [INFO] 2. [Transformación] Estandarizando variables y aplicando controles de calidad...
2026-09-15 08:29:51 [INFO]    [Calidad de Datos] Nulos eliminados: 0
2026-09-15 08:29:51 [INFO]    [Calidad de Datos] Duplicados eliminados: 3
2026-09-15 08:29:51 [INFO]    [Calidad de Datos] Registros totales descartados: 17
2026-09-15 08:29:51 [INFO]    [Calidad de Datos] Registros válidos procesados: 4001
2026-09-15 08:29:51 [INFO] 3. [Carga] Exportando repositorio analítico hacia: 'data/processed/sismos_analitico.db'
2026-09-15 08:29:51 [INFO]    [Carga - Idempotencia] Tabla 'sismos' actualizada en 'sismos_analitico.db' con reescritura segura ('if_exists=replace').
2026-09-15 08:29:51 [INFO] === ETL COMPLETADO CON ÉXITO: Base de datos 'sismos_analitico.db' y archivo de auditoría actualizados. ===
2026-09-15 08:29:51 [INFO] ==========================================================

2026-09-16 08:15:39 [INFO] ==========================================================
2026-09-16 08:15:39 [INFO] === INICIO DE EJECUCIÓN DEL PIPELINE ETL ===
2026-09-16 08:15:39 [INFO] 1. [Ingesta] Extrayendo datos desde: 'data/raw/earthquakes_chile.csv'
2026-09-16 08:15:39 [INFO]    [Ingesta] Registros iniciales leídos: 4018
2026-09-16 08:15:39 [INFO] 2. [Transformación] Estandarizando variables y aplicando controles de calidad...
2026-09-16 08:15:39 [INFO]    [Calidad de Datos] Nulos eliminados: 0
2026-09-16 08:15:39 [INFO]    [Calidad de Datos] Duplicados eliminados: 3
2026-09-16 08:15:39 [INFO]    [Calidad de Datos] Registros totales descartados: 17
2026-09-16 08:15:39 [INFO]    [Calidad de Datos] Registros válidos procesados: 4001
2026-09-16 08:15:39 [INFO] 3. [Carga] Exportando repositorio analítico hacia: 'data/processed/sismos_analitico.db'
2026-09-16 08:15:39 [INFO]    [Carga - Idempotencia] Tabla 'sismos' actualizada en 'sismos_analitico.db' con reescritura segura ('if_exists=replace').
2026-09-16 08:15:39 [INFO] === ETL COMPLETADO CON ÉXITO: Base de datos 'sismos_analitico.db' y archivo de auditoría actualizados. ===
2026-09-16 08:15:39 [INFO] ==========================================================

2026-09-17 08:23:56 [INFO] ==========================================================
2026-09-17 08:23:56 [INFO] === INICIO DE EJECUCIÓN DEL PIPELINE ETL ===
2026-09-17 08:23:56 [INFO] 1. [Ingesta] Extrayendo datos desde: 'data/raw/earthquakes_chile.csv'
2026-09-17 08:23:56 [INFO]    [Ingesta] Registros iniciales leídos: 4018
2026-09-17 08:23:56 [INFO] 2. [Transformación] Estandarizando variables y aplicando controles de calidad...
2026-09-17 08:23:56 [INFO]    [Calidad de Datos] Nulos eliminados: 0
2026-09-17 08:23:56 [INFO]    [Calidad de Datos] Duplicados eliminados: 3
2026-09-17 08:23:56 [INFO]    [Calidad de Datos] Registros totales descartados: 17
2026-09-17 08:23:56 [INFO]    [Calidad de Datos] Registros válidos procesados: 4001
2026-09-17 08:23:56 [INFO] 3. [Carga] Exportando repositorio analítico hacia: 'data/processed/sismos_analitico.db'
2026-09-17 08:23:56 [INFO]    [Carga - Idempotencia] Tabla 'sismos' actualizada en 'sismos_analitico.db' con reescritura segura ('if_exists=replace').
2026-09-17 08:23:56 [INFO] === ETL COMPLETADO CON ÉXITO: Base de datos 'sismos_analitico.db' y archivo de auditoría actualizados. ===
2026-09-17 08:23:56 [INFO] ==========================================================

